# serializer version: 1
# name: test_pdf_deterministic_output
  '46fd883223328ffec5a38ae6433975b7'
# ---
